// Jest Snapshot v1, https://goo.gl/fbAQLP

exports[`Button test toMatchSnapShot 1`] = `
<DocumentFragment>
  <button
    css="You have tried to stringify object returned from \`css\` function. It isn't supposed to be used directly (e.g. as value of the \`className\` prop), but rather handed to emotion so it can handle it (e.g. as value of \`css\` prop)."
  >
    test
  </button>
</DocumentFragment>
`;
